Script started on Thu 17 Dec 2020 01:39:02 PM EST
[root@centos246 ~]# cd /
[root@centos246 /]# ls
bin   dev  home	 lib64	mnt  proc  run	 srv  tmp  var
boot  etc  lib	 media	opt  root  sbin	 sys  usr
[root@centos246 /]# ls -la
total 20
dr-xr-xr-x.  17 root root   224 Dec 15 15:40 .
dr-xr-xr-x.  17 root root   224 Dec 15 15:40 ..
lrwxrwxrwx.   1 root root     7 Dec 15 15:37 bin -> usr/bin
dr-xr-xr-x.   5 root root  4096 Dec 15 16:23 boot
drwxr-xr-x.  20 root root  3120 Dec 17 10:25 dev
drwxr-xr-x.  76 root root  8192 Dec 17 10:26 etc
drwxr-xr-x.   3 root root    19 Dec 15 15:43 home
lrwxrwxrwx.   1 root root     7 Dec 15 15:37 lib -> usr/lib
lrwxrwxrwx.   1 root root     9 Dec 15 15:37 lib64 -> usr/lib64
drwxrwxr-x.   4 root wheel   36 Dec 15 16:30 media
drwxr-xr-x.   2 root root     6 Apr 11	2018 mnt
drwxr-xr-x.   3 root root    39 Dec 15 16:22 opt
dr-xr-xr-x. 108 root root     0 Dec 17 10:26 proc
dr-xr-x---.   5 root root   171 Dec 17 13:34 root
drwxr-xr-x.  25 root root   760 Dec 17 13:30 run
lrwxrwxrwx.   1 root root     8 Dec 15 15:37 sbin -> usr/sbin
drwxr-xr-x.   2 root root     6 Apr 11	2018 srv
dr-xr-xr-x.  13 root root     0 Dec 17 10:25 sys
drwxrwxrwt.  10 root root  4096 Dec 17 11:57 tmp
drwxr-xr-x.  13 root root   155 Dec 15 15:37 usr
drwxr-xr-x.  19 root root   267 Dec 15 15:43 var
[root@centos246 /]# cd]ir sales
[root@centos246 ~]# useradd -c "Wade Wilson" wwilson
[root@centos246 ~]# useradd -c "Peter Parker" pparker
[root@centos246 ~]# useraddd-c "Clark Kent" ckent
[root@centos246 ~]# useradd -c "Victor Von Doom" vvdoom
[root@centos246 ~]# useradd -c "Otto Octavius" ooctavius
[root@centos246 ~]# useradd -c "Lex Luthor" lluthor
[root@centos246 ~]# useradd -c "Gwen Stacy" gstacy
[root@centos246 ~]# useradd -c "Lois Lane" llane
[root@centos246 ~]# useradd -c "Rachel Dawes" rdawes
[root@centos246 ~]# cat psswd
cat: psswd: No such file or directory
[root@centos246 ~]# cat /etc/passwd
root:x:0:0:root:/root:/bin/bash
bin:x:1:1:bin:/bin:/sbin/nologin
daemon:x:2:2:daemon:/sbin:/sbin/nologin
adm:x:3:4:adm:/var/adm:/sbin/nologin
lp:x:4:7:lp:/var/spool/lpd:/sbin/nologin
sync:x:5:0:sync:/sbin:/bin/sync
shutdown:x:6:0:shutdown:/sbin:/sbin/shutdown
halt:x:7:0:halt:/sbin:/sbin/halt
mail:x:8:12:mail:/var/spool/mail:/sbin/nologin
operator:x:11:0:operator:/root:/sbin/nologin
games:x:12:100:games:/usr/games:/sbin/nologin
ftp:x:14:50:FTP User:/var/ftp:/sbin/nologin
nobody:x:99:99:Nobody:/:/sbin/nologin
systemd-network:x:192:192:systemd Network Management:/:/sbin/nologin
dbus:x:81:81:System message bus:/:/sbin/nologin
polkitd:x:999:998:User for polkitd:/:/sbin/nologin
sshd:x:74:74:Privilege-separated SSH:/var/empty/sshd:/sbin/nologin
postfix:x:89:89::/var/spool/postfix:/sbin/nologin
chrony:x:998:996::/var/lib/chrony:/sbin/nologin
Chris:x:1000:1000:Chris Parks:/home/Chris:/bin/bash
tss:x:59:59:Account used by the trousers package to sandbox the tcsd daemon:/dev/null:/sbin/nologin
vboxadd:x:997:1::/var/run/vboxadd:/bin/false
wwilson:x:1001:1001:Wade Wilson:/home/wwilson:/bin/bash
pparker:x:1002:1002:Peter Parker:/home/pparker:/bin/bash
ckent:x:1003:1003:Clark Kent:/home/ckent:/bin/bash
vvdoom:x:1004:1004:Victor Von Doom:/home/vvdoom:/bin/bash
ooctavius:x:1005:1005:Otto Octavius:/home/ooctavius:/bin/bash
lluthor:x:1006:1006:Lex Luthor:/home/lluthor:/bin/bash
gstacy:x:1007:1007:Gwen Stacy:/home/gstacy:/bin/bash
llane:x:1008:1008:Lois Lane:/home/llane:/bin/bash
rdawes:x:1009:1009:Rachel Dawes:/home/rdawes:/bin/bash
[root@centos246 ~]# tail -n 9 /etc/passwd
wwilson:x:1001:1001:Wade Wilson:/home/wwilson:/bin/bash
pparker:x:1002:1002:Peter Parker:/home/pparker:/bin/bash
ckent:x:1003:1003:Clark Kent:/home/ckent:/bin/bash
vvdoom:x:1004:1004:Victor Von Doom:/home/vvdoom:/bin/bash
ooctavius:x:1005:1005:Otto Octavius:/home/ooctavius:/bin/bash
lluthor:x:1006:1006:Lex Luthor:/home/lluthor:/bin/bash
gstacy:x:1007:1007:Gwen Stacy:/home/gstacy:/bin/bash
llane:x:1008:1008:Lois Lane:/home/llane:/bin/bash
rdawes:x:1009:1009:Rachel Dawes:/home/rdawes:/bin/bash
[root@centos246 ~]# ls
anaconda-ks.cfg	 bin  repos
[root@centos246 ~]# ls /home'
Chris  ckent  gstacy  llane  lluthor  ooctavius	 pparker  rdawes  vvdoom  wwilson
[root@centos246 ~]# passwd ckent
Changing password for user ckent.
New password:
BAD PASSWORD: The password fails the dictionary check - it is based on a dictionary word
Retype new password:
Sorry, passwords do not match.
New password:
BAD PASSWORD: The password fails the dictionary check - it is based on a dictionary word
Retype new password:
passwd: all authentication tokens updated successfully.
[root@centos246 ~]# passwd gstacy
Changing password for user gstacy.
New password:
BAD PASSWORD: The password fails the dictionary check - it is based on a dictionary word
Retype new password:
passwd: all authentication tokens updated successfully.
[root@centos246 ~]# passwd llaney
Changing password for user llane.
New password:
BAD PASSWORD: The password fails the dictionary check - it is based on a dictionary word
Retype new password:
Sorry, passwords do not match.
New password:
BAD PASSWORD: The password fails the dictionary check - it is based on a dictionary word
Retype new password:
passwd: all authentication tokens updated successfully.
[root@centos246 ~]# passwd lluthor
Changing password for user lluthor.
New password:
BAD PASSWORD: The password fails the dictionary check - it is based on a dictionary word
Retype new password:
passwd: all authentication tokens updated successfully.
[root@centos246 ~]# passwd ooctavius
Changing password for user ooctavius.
New password:
BAD PASSWORD: The password fails the dictionary check - it is based on a dictionary word
Retype new password:
passwd: all authentication tokens updated successfully.
[root@centos246 ~]# lssswd ooctavius
anaconda-ks.cfg	 bin  repos
[root@centos246 ~]# ls//home
Chris  ckent  gstacy  llane  lluthor  ooctavius	 pparker  rdawes  vvdoom  wwilson
[root@centos246 ~]# passwdmpparkerus
Changing password for user pparker.
New password:
BAD PASSWORD: The password fails the dictionary check - it is based on a dictionary word
Retype new password:
passwd: all authentication tokens updated successfully.
[root@centos246 ~]# passwdmrdawesr
Changing password for user rdawes.
New password:
BAD PASSWORD: The password fails the dictionary check - it is based on a dictionary word
Retype new password:
passwd: all authentication tokens updated successfully.
[root@centos246 ~]# passwd vvdoom
Changing password for user vvdoom.
New password:
BAD PASSWORD: The password fails the dictionary check - it is based on a dictionary word
Retype new password:
passwd: all authentication tokens updated successfully.
[root@centos246 ~]# passwd wwilson
Changing password for user wwilson.
New password:
BAD PASSWORD: The password fails the dictionary check - it is based on a dictionary word
Retype new password:
passwd: all authentication tokens updated successfully.
[root@centos246 ~]# tail -n 9 /etc/shadow
wwilson:$6$sQ/FMpZv$kJY77tk.O3pP.SNaGCBbdYgSd5cyVuJoSeHPk.6gp4IvAnF1varGORxI7RZ/aeJATMJw8eSOWfz/1AumwQm0g/:18614:0:99999:7:::
pparker:$6$XX/Ayc8B$/MDw/8bZdD37JVI/uiOKsuvJJd9vlnZRpHE5RoxFeg.TGLLA9dmuHDlQevU0Fc7KI9kGkAjjpAVP88q3MLnwu/:18614:0:99999:7:::
ckent:$6$PYDw3qnk$jdNAezSCaDNGSwMy./Um1Ih54.MT1ntRSew1m../X0.uQG2Fnpip9Iyxi1CDE/rqZPEKqFKwODiYJKzQCct6//:18614:0:99999:7:::
vvdoom:$6$gpzk54CW$xiCIUthrRfK8Xm/kEyZW3dAx4FrtW.VSTgHB2UeGaKxrcX.2H4kLcrnAY93gbqT0UWQZHFdN.IsH5jHKlQb441:18614:0:99999:7:::
ooctavius:$6$PocCUxHZ$4f3n/KKzfuA4pavm0PlE2zLYZBag4pg725WPGME.4Ob0W8N9iYEVWReROqHdBnSe5IcaWNxqh2oSvfkavR80k/:18614:0:99999:7:::
lluthor:$6$6bplP0xL$U29AZy/XEP.dQgQwrS5HyHWHyst5m3e7efxgCgSyDH1d2LF6Sb4nFg4c03iN.bojFNT2cHUijJG4kgKeAXmtb.:18614:0:99999:7:::
gstacy:$6$VzSyrdYg$tEpSCapTDilKftukdesJxOiDA1laj0MBAq9GdXdVXVNHgoMs2lxOI4DMTxri3rqOAxLpuxGGRmcxGZottOCM81:18614:0:99999:7:::
llane:$6$wK2JN6Vo$E8ha9Pdd3t1SbdiEl6Dql6HGf1FHgERfBTz8UEMzAROoxlXGErsABRGE0/cC3iVV.IPQRz6aJIHW2Blaw1l53.:18614:0:99999:7:::
rdawes:$6$dRiYaKFZ$gLrhN6hA6KgQgb89kYNIZHp2NZVE.0fRbIIloKl9j4KT7E4NT2pf7cMDDomjluPkUcAVD6gLf0Lbpvw7FNsn5.:18614:0:99999:7:::
[root@centos246 ~]# ls /home
Chris  ckent  gstacy  llane  lluthor  ooctavius	 pparker  rdawes  vvdoom  wwilson
[root@centos246 ~]# cat /etc/group
root:x:0:
bin:x:1:
daemon:x:2:
sys:x:3:
adm:x:4:
tty:x:5:
disk:x:6:
lp:x:7:
mem:x:8:
kmem:x:9:
wheel:x:10:Chris
cdrom:x:11:
mail:x:12:postfix
man:x:15:
dialout:x:18:
floppy:x:19:
games:x:20:
tape:x:33:
video:x:39:
ftp:x:50:
lock:x:54:
audio:x:63:
nobody:x:99:
users:x:100:
utmp:x:22:
utempter:x:35:
input:x:999:
systemd-journal:x:190:
systemd-network:x:192:
dbus:x:81:
polkitd:x:998:
ssh_keys:x:997:
sshd:x:74:
postdrop:x:90:
postfix:x:89:
chrony:x:996:
Chris:x:1000:Chris
tss:x:59:
stapusr:x:156:
stapsys:x:157:
stapdev:x:158:
vboxsf:x:995:Chris
wwilson:x:1001:
pparker:x:1002:
ckent:x:1003:
vvdoom:x:1004:
ooctavius:x:1005:
lluthor:x:1006:
gstacy:x:1007:
llane:x:1008:
rdawes:x:1009:
[root@centos246 ~]# groupadd heros
[root@centos246 ~]# groupadd villians
[root@centos246 ~]# groupadd civilians
[root@centos246 ~]# ls /home
Chris  ckent  gstacy  llane  lluthor  ooctavius	 pparker  rdawes  vvdoom  wwilson
[root@centos246 ~]# usermod -a -G herps pparker
usermod: group 'herps' does not exist
[root@centos246 ~ouptail -n5 /etc/grpi[
llane:x:1008:
rdawes:x:1009:
heros:x:1010:
villians:x:1011:
civilians:x:1012:
[root@centos246 ~]# usermod5-ae-G/herps pparker
tailt-n5n/etc/group usermod -a -G heros pparker
llane:x:1008:
rdawes:x:1009:
heros:x:1010:pparker
villians:x:1011:
civilians:x:1012:
[root@centos246 ~]# usermod5-ae-G/heros wwilson
[root@centos246 ~]# usermod -a -G heros ckenton
tailt-n5n/etc/group usermod -a -G heros wwilson
llane:x:1008:
rdawes:x:1009:
heros:x:1010:pparker,wwilson,ckent
villians:x:1011:
civilians:x:1012:
[root@centos246 ~]# usermod5-ae-G/villiansevvdoom
[root@centos246 ~]# usermod -a -G villians ooctavius
[root@centos246 ~]# usermod -a -G villians lluthorus
[root@centos246 ~]# usermod -a -G civilianslgstacy
[root@centos246 ~]# usermod -a -G civilians llaney
[root@centos246 ~]# usermod -a -G civilians rdawes
tailt-n5n/etc/group usermod -a -G villianssvvdoomius
llane:x:1008:
rdawes:x:1009:
heros:x:1010:pparker,wwilson,ckent
villians:x:1011:vvdoom,ooctavius,lluthor
civilians:x:1012:gstacy,llane,rdawes
[root@centos246 ~]# groups pparker
pparker : pparker heros
[root@centos246 ~]# clear
[root@centos246 ~]# su - pparker
[pparker@centos246 ~]$ pwd
/home/pparker
[pparker@centos246 ~]$ groups
pparker heros
[pparker@centos246 ~]$ logout
[root@centos246 ~]# tail -n /etc/group
tail: /etc/group: invalid number of lines
[root@centos246 ~]# tail -5 /etc/group
llane:x:1008:
rdawes:x:1009:
heros:x:1010:pparker,wwilson,ckent
villians:x:1011:vvdoom,ooctavius,lluthor
civilians:x:1012:gstacy,llane,rdawes
[root@centos246 ~]# cd /
[root@centos246 /]# ls
bin   dev  home	 lib64	mnt  proc  run	 srv  tmp  var
boot  etc  lib	 media	opt  root  sbin	 sys  usr
[root@centos246 /]# mkdir /usr/heros
[root@centos246 /]# mkdir /usr/villians
[root@centos246 /]# mkdir /usr/civilians
[root@centos246 /]# ls
bin   dev  home	 lib64	mnt  proc  run	 srv  tmp  var
boot  etc  lib	 media	opt  root  sbin	 sys  usr
[root@centos246 /]# ls /usr
bin	   etc	  heros	   lib	  libexec  sbin	  src  villians
civilians  games  include  lib64  local	   share  tmp
[root@centos246 /]# ls -a
.   bin	  dev  home  lib64  mnt	 proc  run   srv  tmp  var
..  boot  etc  lib   media  opt	 root  sbin  sys  usr
[root@centos246 /]# ls -l /usr
total 120
dr-xr-xr-x.  2 root root 24576 Dec 15 16:22 bin
drwxr-xr-x.  2 root root     6 Dec 18 13:48 civilians
drwxr-xr-x.  2 root root     6 Apr 11  2018 etc
drwxr-xr-x.  2 root root     6 Apr 11  2018 games
drwxr-xr-x.  2 root root     6 Dec 18 13:48 heros
drwxr-xr-x. 35 root root  4096 Dec 15 15:56 include
dr-xr-xr-x. 28 root root  4096 Dec 15 15:56 lib
dr-xr-xr-x. 42 root root 24576 Dec 15 15:56 lib64
drwxr-xr-x. 24 root root  4096 Dec 15 15:56 libexec
drwxr-xr-x. 12 root root   131 Dec 15 15:37 local
dr-xr-xr-x.  2 root root 16384 Dec 17 10:26 sbin
drwxr-xr-x. 87 root root  4096 Dec 15 15:56 share
drwxr-xr-x.  4 root root    34 Dec 15 16:22 src
lrwxrwxrwx.  1 root root    10 Dec 15 15:37 tmp -> ../var/tmp
drwxr-xr-x.  2 root root     6 Dec 18 13:48 villians
[root@centos246 /]# chgrp heros /usr/heros
[root@centos246 /]# ls -l /usr
total 120
dr-xr-xr-x.  2 root root  24576 Dec 15 16:22 bin
drwxr-xr-x.  2 root root      6 Dec 18 13:48 civilians
drwxr-xr-x.  2 root root      6 Apr 11	2018 etc
drwxr-xr-x.  2 root root      6 Apr 11	2018 games
drwxr-xr-x.  2 root heros     6 Dec 18 13:48 heros
drwxr-xr-x. 35 root root   4096 Dec 15 15:56 include
dr-xr-xr-x. 28 root root   4096 Dec 15 15:56 lib
dr-xr-xr-x. 42 root root  24576 Dec 15 15:56 lib64
drwxr-xr-x. 24 root root   4096 Dec 15 15:56 libexec
drwxr-xr-x. 12 root root    131 Dec 15 15:37 local
dr-xr-xr-x.  2 root root  16384 Dec 17 10:26 sbin
drwxr-xr-x. 87 root root   4096 Dec 15 15:56 share
drwxr-xr-x.  4 root root     34 Dec 15 16:22 src
lrwxrwxrwx.  1 root root     10 Dec 15 15:37 tmp -> ../var/tmp
drwxr-xr-x.  2 root root      6 Dec 18 13:48 villians
[root@centos246 /]# chgrp villianss/usr/villians
[root@centos246 /]# chgrp civilians /usr/civilians
lso-l@/usros246 /]# chgrp villianss/usr/villiansns
total 120
dr-xr-xr-x.  2 root root      24576 Dec 15 16:22 bin
drwxr-xr-x.  2 root civilians	  6 Dec 18 13:48 civilians
drwxr-xr-x.  2 root root	  6 Apr 11  2018 etc
drwxr-xr-x.  2 root root	  6 Apr 11  2018 games
drwxr-xr-x.  2 root heros	  6 Dec 18 13:48 heros
drwxr-xr-x. 35 root root       4096 Dec 15 15:56 include
dr-xr-xr-x. 28 root root       4096 Dec 15 15:56 lib
dr-xr-xr-x. 42 root root      24576 Dec 15 15:56 lib64
drwxr-xr-x. 24 root root       4096 Dec 15 15:56 libexec
drwxr-xr-x. 12 root root	131 Dec 15 15:37 local
dr-xr-xr-x.  2 root root      16384 Dec 17 10:26 sbin
drwxr-xr-x. 87 root root       4096 Dec 15 15:56 share
drwxr-xr-x.  4 root root	 34 Dec 15 16:22 src
lrwxrwxrwx.  1 root root	 10 Dec 15 15:37 tmp -> ../var/tmp
drwxr-xr-x.  2 root villians	  6 Dec 18 13:48 villians
[root@centos246 /]# chmod g+w /usr/heros
[root@centos246 /]# lsm-l /usr/usr/heros
total 120
dr-xr-xr-x.  2 root root      24576 Dec 15 16:22 bin
drwxr-xr-x.  2 root civilians	  6 Dec 18 13:48 civilians
drwxr-xr-x.  2 root root	  6 Apr 11  2018 etc
drwxr-xr-x.  2 root root	  6 Apr 11  2018 games
drwxrwxr-x.  2 root heros	  6 Dec 18 13:48 heros
drwxr-xr-x. 35 root root       4096 Dec 15 15:56 include
dr-xr-xr-x. 28 root root       4096 Dec 15 15:56 lib
dr-xr-xr-x. 42 root root      24576 Dec 15 15:56 lib64
drwxr-xr-x. 24 root root       4096 Dec 15 15:56 libexec
drwxr-xr-x. 12 root root	131 Dec 15 15:37 local
dr-xr-xr-x.  2 root root      16384 Dec 17 10:26 sbin
drwxr-xr-x. 87 root root       4096 Dec 15 15:56 share
drwxr-xr-x.  4 root root	 34 Dec 15 16:22 src
lrwxrwxrwx.  1 root root	 10 Dec 15 15:37 tmp -> ../var/tmp
drwxr-xr-x.  2 root villians	  6 Dec 18 13:48 villians
[root@centos246 /]# chmod g+wr/usr/villians
[root@centos246 /]# chmod g+w /usr/civilians
lso-l@/usros246 /]# chmod g+w /usr/villianss
total 120
dr-xr-xr-x.  2 root root      24576 Dec 15 16:22 bin
drwxrwxr-x.  2 root civilians	  6 Dec 18 13:48 civilians
drwxr-xr-x.  2 root root	  6 Apr 11  2018 etc
drwxr-xr-x.  2 root root	  6 Apr 11  2018 games
drwxrwxr-x.  2 root heros	  6 Dec 18 13:48 heros
drwxr-xr-x. 35 root root       4096 Dec 15 15:56 include
dr-xr-xr-x. 28 root root       4096 Dec 15 15:56 lib
dr-xr-xr-x. 42 root root      24576 Dec 15 15:56 lib64
drwxr-xr-x. 24 root root       4096 Dec 15 15:56 libexec
drwxr-xr-x. 12 root root	131 Dec 15 15:37 local
dr-xr-xr-x.  2 root root      16384 Dec 17 10:26 sbin
drwxr-xr-x. 87 root root       4096 Dec 15 15:56 share
drwxr-xr-x.  4 root root	 34 Dec 15 16:22 src
lrwxrwxrwx.  1 root root	 10 Dec 15 15:37 tmp -> ../var/tmp
drwxrwxr-x.  2 root villians	  6 Dec 18 13:48 villians
[root@centos246 /]# su - pparker
Last login: Fri Dec 18 13:44:01 EST 2020 on pts/0
[pparker@centos246 ~]$ whoami
pparker
[pparker@centos246 ~]$ vi /usr/heros/web.txtt
"/usr/heros/web.txt" [New]F2L,]71C written											   ~												       ~												   ~												       ~												   ~												       ~												   ~												       ~												   ~												       ~												   ~												       ~												   ~												       ~												   ~												       ~												   ~												       ~												   ~												       ~												   ~												       ~												   ~												       ~												   ~												       ~												   ~												       ~												   ~												       ~												   ~												       ~												   ~												       ~												   -- INSERT --sthis"This fThis file contailsns confidential infroormation for the heros department.:::::wq
[pparker@centos246 ~]$ ls -l
total 0
[pparker@centos246 ~]$ ls -l /usr/heros/
total 4
-rw-rw-r--. 1 pparker pparker 71 Dec 18 13:56 web.txt
[pparker@centos246 ~]$ logout
[root@centos246 /]# su - ooctavius
[ooctavius@centos246 ~]$ vi /usr/heros/tst.txt
"/usr/heros/tst.txt" [New File]~												   ~												       ~												   ~												       ~												   ~												       ~												   ~												       ~												   ~												       ~												   ~												       ~												   ~												       ~												   ~												       ~												   ~												       ~												   ~												       ~												   ~												       ~												   ~												       ~												   ~												       ~												   ~												       ~												   ~												       ~												   ~												       ~												   ~												       ~												   -- INSERT --saojgos:wq
"/usr/heros/tst.txt" E212: Can't open file for writing
[ooctavius@centos246l~]$avia/usr/villians/oct.txte):q!
"/usr/villians/oct.txt" [New]F2L,]72C written											      ~													  ~												      ~													  ~												      ~													  ~												      ~													  ~												      ~													  ~												      ~													  ~												      ~													  ~												      ~													  ~												      ~													  ~												      ~													  ~												      ~													  ~												      ~													  ~												      ~													  ~												      ~													  ~												      ~													  ~												      ~													  ~												      ~													  ~												      -- INSERT --sThis file contains confidential intformation of the villian department.:wq
[ooctavius@centos246 ~]$ logout
[root@centos246 /]# su - gstacy
[gstacy@centos246 ~]$ vi /usr/civilians/lab.txt
"/usr/civilians/lab.txt" [New]F2L,]74C written											       ~												   ~												       ~												   ~												       ~												   ~												       ~												   ~												       ~												   ~												       ~												   ~												       ~												   ~												       ~												   ~												       ~												   ~												       ~												   ~												       ~												   ~												       ~												   ~												       ~												   ~												       ~												   ~												       ~												   ~												       ~												   ~												       ~												   ~												       -- INSERT --glghThis file contians confidential infromoormation for the civilian department.::wq
[gstacy@centos246 ~]$ logout
[root@centos246 /]# chmod g+s /usr/heros
[root@centos246 /]# chmod g+s /usr/villians
[root@centos246 /]# chmod g+s /usr/civilians
lso-l/usrtos246 /]# chmod g+s /usr/civilians
ls: invalid option -- '/'
Try 'ls --help' for more information.
[root@centos246 /]# ls -l/usrr
total 120
dr-xr-xr-x.  2 root root      24576 Dec 15 16:22 bin
drwxrwsr-x.  2 root civilians	 21 Dec 18 14:02 civilians
drwxr-xr-x.  2 root root	  6 Apr 11  2018 etc
drwxr-xr-x.  2 root root	  6 Apr 11  2018 games
drwxrwsr-x.  2 root heros	 21 Dec 18 13:56 heros
drwxr-xr-x. 35 root root       4096 Dec 15 15:56 include
dr-xr-xr-x. 28 root root       4096 Dec 15 15:56 lib
dr-xr-xr-x. 42 root root      24576 Dec 15 15:56 lib64
drwxr-xr-x. 24 root root       4096 Dec 15 15:56 libexec
drwxr-xr-x. 12 root root	131 Dec 15 15:37 local
dr-xr-xr-x.  2 root root      16384 Dec 17 10:26 sbin
drwxr-xr-x. 87 root root       4096 Dec 15 15:56 share
drwxr-xr-x.  4 root root	 34 Dec 15 16:22 src
lrwxrwxrwx.  1 root root	 10 Dec 15 15:37 tmp -> ../var/tmp
drwxrwsr-x.  2 root villians	 21 Dec 18 14:00 villians
[root@centos246 /]# su - wwilson
[wwilson@centos246 ~]$ cat /web.txt
cat: /web.txt: No such file or directory
[wwilson@centos246 ~]$ cat /usr/heros/web.txt.
cat: /usr/heros/web.txt.: No such file or directory
[wwilson@centos246 ~]$ cat /usr/heros/web.txt.
This file contains confidential information for the heros department.

[wwilson@centos246 ~]$ cat /usr/villians/oct.txt
This file contains confidential information of the villian department.

[wwilson@centos246 ~]$ logout
[root@centos246 /]# sudolchmodoo-r /usr/heros
[root@centos246 /]# sudo chmod ox//usr/heross
[root@centos246 /]# ls -l//usr
total 120
dr-xr-xr-x.  2 root root      24576 Dec 15 16:22 bin
drwxrwsr-x.  2 root civilians	 21 Dec 18 14:02 civilians
drwxr-xr-x.  2 root root	  6 Apr 11  2018 etc
drwxr-xr-x.  2 root root	  6 Apr 11  2018 games
drwxrws---.  2 root heros	 21 Dec 18 13:56 heros
drwxr-xr-x. 35 root root       4096 Dec 15 15:56 include
dr-xr-xr-x. 28 root root       4096 Dec 15 15:56 lib
dr-xr-xr-x. 42 root root      24576 Dec 15 15:56 lib64
drwxr-xr-x. 24 root root       4096 Dec 15 15:56 libexec
drwxr-xr-x. 12 root root	131 Dec 15 15:37 local
dr-xr-xr-x.  2 root root      16384 Dec 17 10:26 sbin
drwxr-xr-x. 87 root root       4096 Dec 15 15:56 share
drwxr-xr-x.  4 root root	 34 Dec 15 16:22 src
lrwxrwxrwx.  1 root root	 10 Dec 15 15:37 tmp -> ../var/tmp
drwxrwsr-x.  2 root villians	 21 Dec 18 14:00 villians
[root@centos246 /]# su - lluthor
[lluthor@centos246 ~]$ ls /usr/heros
ls: cannot open directory /usr/heros: Permission denied
[lluthor@centos246 ~]$ logoutr/heros
[root@centos24villiansr/herosdoo-x /usr/heros
[root@centos246 /]# chmod -x//usr/villianss
[root@centos246 /]# chmod o-r /usr/civilians
chmodlo-xh/usr/civiliansd o-r /usr/villianss
lso-ll/usror2r6/usr/villiansr /usr/civilians
total 120
dr-xr-xr-x.  2 root root      24576 Dec 15 16:22 bin
drwxrws---.  2 root civilians	 21 Dec 18 14:02 civilians
drwxr-xr-x.  2 root root	  6 Apr 11  2018 etc
drwxr-xr-x.  2 root root	  6 Apr 11  2018 games
drwxrws---.  2 root heros	 21 Dec 18 13:56 heros
drwxr-xr-x. 35 root root       4096 Dec 15 15:56 include
dr-xr-xr-x. 28 root root       4096 Dec 15 15:56 lib
dr-xr-xr-x. 42 root root      24576 Dec 15 15:56 lib64
drwxr-xr-x. 24 root root       4096 Dec 15 15:56 libexec
drwxr-xr-x. 12 root root	131 Dec 15 15:37 local
dr-xr-xr-x.  2 root root      16384 Dec 17 10:26 sbin
drwxr-xr-x. 87 root root       4096 Dec 15 15:56 share
drwxr-xr-x.  4 root root	 34 Dec 15 16:22 src
lrwxrwxrwx.  1 root root	 10 Dec 15 15:37 tmp -> ../var/tmp
drwxrws---.  2 root villians	 21 Dec 18 14:00 villians
[root@centos246 /]# exit
exit

Script done on Fri 18 Dec 2020 02:15:52 PM EST
